
> arjun@0.0.0 build
> vite build

[36mvite v7.3.1 [32mbuilding client environment for production...[36m[39m
transforming...
[32mΓ£ô[39m 16 modules transformed.
node.exe : [31mΓ£ù[39m 
Build failed in 412ms
At line:1 char:1
+ & "C:\Program 
Files\nodejs/node.exe" 
"C:\Program 
Files\nodejs/node_mo ...
+ ~~~~~~~~~~~~~~~~~~~~~~~~~~~~
~~~~~~~~~~~~~~~~~~~~~~~~~~~~~~
~~~~~~~~~~~
    + CategoryInfo          : 
    NotSpecified: ([31mΓ£ù  
  [39m Build failed in 412m   
 s:String) [], RemoteExcep    
tion
    + FullyQualifiedErrorId : 
    NativeCommandError
 
[31merror during build:
[31m[vite:esbuild] Transform 
failed with 1 error:
C:/Users/YASHUUU/Desktop/Dethe
 patil/src/components/AIBusine
ssPlan.jsx:164:262: ERROR: 
Unterminated string 
literal[31m
file: [36mC:/Users/YASHUUU/De
sktop/Dethe patil/src/componen
ts/AIBusinessPlan.jsx:164:262
[31m
[33m
[33mUnterminated string 
literal[33m
166 |  
167 |      const stats = 
getRoadmapStats(birdCount, 
selectedType);
168 |      const costData = ge
tFarmConstructionCost(birdCoun
t, selectedType);
    |       ^
169 |      const info = poultr
yInfo[selectedType][lang];
170 |      const date = new 
Date().toLocaleDateString();
[31m
    at failureErrorWithLog (C:
\Users\YASHUUU\Desktop\Dethe p
atil\node_modules\esbuild\lib\
main.js:1467:15)
    at C:\Users\YASHUUU\Deskto
p\Dethe patil\node_modules\esb
uild\lib\main.js:736:50
    at 
responseCallbacks.<computed> (
C:\Users\YASHUUU\Desktop\Dethe
 patil\node_modules\esbuild\li
b\main.js:603:9)
    at handleIncomingPacket (C
:\Users\YASHUUU\Desktop\Dethe 
patil\node_modules\esbuild\lib
\main.js:658:12)
    at Socket.readFromStdout (
C:\Users\YASHUUU\Desktop\Dethe
 patil\node_modules\esbuild\li
b\main.js:581:7)
    at Socket.emit 
(node:events:508:28)
    at addChunk (node:internal
/streams/readable:559:12)
    at 
readableAddChunkPushByteMode (
node:internal/streams/readable
:510:3)
    at Readable.push (node:int
ernal/streams/readable:390:5)
    at Pipe.onStreamRead (node
:internal/stream_base_commons:
189:23)[39m
